Its ready